[backblue.gif]
[fade.gif]
[index.html]
[www.avicindia.com/wp-content/themes/themify-ultra/js/themify.script234e.js]
[www.avicindia.com/wp-content/themes/themify-ultra/themify/js/modules/themify.sidemenu7e15.js]
[www.avicindia.com/wp-content/themes/themify-ultra/themify/js/modules/jquery.imagesloaded.mineda1.js]
[www.avicindia.com/wp-content/uploads/2022/02/logo.png]
[www.avicindia.com/wp-content/plugins/builder-slider-pro/assets/scripts5d0a.js]
[www.avicindia.com/wp-content/plugins/builder-slider-pro/assets/jquery.sliderPro1576.js]
[www.avicindia.com/wp-content/themes/themify-ultra/themify/themify-builder/js/modules/feature7e15.js]
[www.avicindia.com/wp-content/themes/themify-ultra/themify/js/modules/tf_wow7e15.js]
[www.avicindia.com/wp-content/themes/themify-ultra/themify/themify-builder/js/themify.builder.script7e15.js]
[www.avicindia.com/wp-includes/js/jquery/jquery.mina767.js]
[www.avicindia.com/feed/index.html]
[www.avicindia.com/wp-json/wp/v2/pages/19.json]
[www.avicindia.com/wp-json/index.html]
[www.avicindia.com/xmlrpc0db0.php]
[www.avicindia.com/wp-includes/wlwmanifest.xml]
[www.avicindia.com/wp-json/oembed/1.0/embedaac2.json]
[www.avicindia.com/wp-json/oembed/1.0/embedb23a]
[www.avicindia.com/wp-content/uploads/2022/02/cropped-MainLogo-AVIC-Projects-1-32x32.png]
[www.avicindia.com/wp-content/uploads/2022/02/cropped-MainLogo-AVIC-Projects-1-192x192.png]
[www.avicindia.com/wp-content/uploads/2022/02/cropped-MainLogo-AVIC-Projects-1-180x180.png]
[www.avicindia.com/wp-content/uploads/2021/05/roadbg.jpg]
[www.avicindia.com/wp-content/uploads/2021/05/download-400x300.jpg]
[www.avicindia.com/wp-content/uploads/2021/05/IMG_20210514_223917-1.jpg]
[www.avicindia.com/wp-content/uploads/2021/05/COMMERCIAl-Building.jpg]
[www.avicindia.com/wp-content/uploads/2021/05/infra1.jpg]
[www.avicindia.com/wp-content/uploads/2021/05/indust.jpg]
[www.avicindia.com/wp-content/themes/themify-ultra/themify/js/modules/fallback.js]
[www.avicindia.com/wp-content/plugins/click-to-chat-for-whatsapp/new/inc/assets/js/332.appf2b5.js]
[www.avicindia.com/wp-content/themes/themify-ultra/themify/js/main7e15.js]
[www.avicindia.com/wp-includes/js/dist/vendor/wp-polyfill-inert.min0226.js]
[www.avicindia.com/wp-includes/js/dist/vendor/regenerator-runtime.min8fa4.js]
[www.avicindia.com/wp-includes/js/dist/vendor/wp-polyfill.min2c7c.js]
[www.avicindia.com/wp-content/plugins/contact-form-7/includes/js/index24b2.js]
[www.avicindia.com/index.html]
[www.avicindia.com/wp-content/themes/themify-ultra/themify/css/animate.min822f.css]
[www.avicindia.com/wp-content/uploads/2021/05/brts.jpg]
[www.avicindia.com/wp-content/uploads/2021/05/86f5ee8b7f5c36b0c4c3e9cbe32083e7.jpg]
[www.avicindia.com/wp-content/uploads/themify-css/concate/2853873207/themify-concate-2832922927.min.css]
[www.avicindia.com/wp-includes/css/classic-themes.minae48.css]
[www.avicindia.com/wp-content/plugins/contact-form-7/includes/css/styles24b2.css]
[www.avicindia.com/wp-content/themes/themify-ultra/js/themify.script.min234e.js]
[www.avicindia.com/wp-content/themes/themify-ultra/themify/js/modules/themify.sidemenu.min7e15.js]
[www.avicindia.com/wp-content/themes/themify-ultra/themify/js/modules/tf_wow.min7e15.js]
[www.avicindia.com/wp-content/themes/themify-ultra/themify/themify-builder/js/themify.builder.script.min7e15.js]
[www.avicindia.com/wp-json/wp/v2/pages/16.json]
[www.avicindia.com/wp-json/oembed/1.0/embedf07f.json]
[www.avicindia.com/wp-json/oembed/1.0/embed0a95]
[www.avicindia.com/wp-content/uploads/2021/05/43e8b43e61df26dd104bc144ac9a0d29.jpg]
[www.avicindia.com/wp-content/themes/themify-ultra/themify/js/modules/fallback.min.js]
[www.avicindia.com/wp-content/themes/themify-ultra/themify/js/main.min7e15.js]
[www.avicindia.com/about/index.html]
[www.avicindia.com/wp-json/wp/v2/pages/567.json]
[www.avicindia.com/wp-json/oembed/1.0/embede143.json]
[www.avicindia.com/wp-json/oembed/1.0/embed44cd]
[www.avicindia.com/wp-content/uploads/2022/02/DirectorEr.RutujaNawade-Pic.jpg]
[www.avicindia.com/directors-message/index.html]
[www.avicindia.com/wp-json/wp/v2/pages/51.json]
[www.avicindia.com/wp-json/oembed/1.0/embedc9c9.json]
[www.avicindia.com/wp-json/oembed/1.0/embed14d7]
[www.avicindia.com/invest-in-the-company/index.html]
[www.avicindia.com/wp-json/wp/v2/pages/20.json]
[www.avicindia.com/wp-json/oembed/1.0/embed91f5.json]
[www.avicindia.com/wp-json/oembed/1.0/embede44a]
[www.avicindia.com/wp-content/uploads/2021/05/IMG-20210106-WA0024.jpg]
[www.avicindia.com/wp-content/uploads/2021/05/IMG-20210106-WA0025.jpg]
[www.avicindia.com/wp-content/uploads/2021/05/IMG-20210414-WA0066.jpg]
[www.avicindia.com/wp-content/uploads/2021/05/IMG-20210414-WA0067.jpg]
[www.avicindia.com/wp-content/uploads/2021/05/IMG-20210414-WA0068.jpg]
[www.avicindia.com/wp-content/uploads/2021/05/infra1-1.jpg]
[www.avicindia.com/wp-content/uploads/2021/05/infra3.jpg]
[www.avicindia.com/wp-content/uploads/2021/05/background.jpg]
[www.avicindia.com/wp-content/uploads/2021/05/images-2.jpg]
[www.avicindia.com/wp-content/uploads/2021/05/download.jpg]
[www.avicindia.com/wp-content/uploads/2021/05/parallax3.jpg]
[www.avicindia.com/wp-content/uploads/2021/05/images.jpg]
[www.avicindia.com/services/index.html]
[www.avicindia.com/wp-json/wp/v2/pages/49.json]
[www.avicindia.com/wp-json/oembed/1.0/embedb293.json]
[www.avicindia.com/wp-json/oembed/1.0/embedde47]
[www.avicindia.com/wp-content/uploads/2021/05/news.jpg]
[www.avicindia.com/wp-content/uploads/2021/05/n1.jpg]
[www.avicindia.com/wp-content/uploads/2021/05/n1-1024x1024-400x300.jpg]
[www.avicindia.com/wp-content/uploads/2021/05/n2.jpg]
[www.avicindia.com/wp-content/uploads/2021/05/n2-400x300.jpg]
[www.avicindia.com/wp-content/uploads/2021/05/n3.jpg]
[www.avicindia.com/wp-content/uploads/2021/05/n3-400x300.jpg]
[www.avicindia.com/wp-content/uploads/2021/05/n4.jpg]
[www.avicindia.com/wp-content/uploads/2021/05/n4-400x300.jpg]
[www.avicindia.com/wp-content/uploads/2021/05/n5.jpg]
[www.avicindia.com/wp-content/uploads/2021/05/n5-400x300.jpg]
[www.avicindia.com/wp-content/uploads/2021/05/n6.jpg]
[www.avicindia.com/wp-content/uploads/2021/05/n6-400x300.jpg]
[www.avicindia.com/wp-content/uploads/2022/02/IMG-20210714-WA0065.jpg]
[www.avicindia.com/wp-content/uploads/2022/02/IMG-20210714-WA0065-1024x766-400x300.jpg]
[www.avicindia.com/wp-content/uploads/2022/02/IMG-20210830-WA0024.jpg]
[www.avicindia.com/wp-content/uploads/2022/02/IMG-20210830-WA0024-768x1024-400x300.jpg]
[www.avicindia.com/wp-content/uploads/2022/02/IMG-20210831-WA0022.jpg]
[www.avicindia.com/wp-content/uploads/2022/02/IMG-20210831-WA0022-1024x768-400x300.jpg]
[www.avicindia.com/wp-content/uploads/2022/02/IMG-20210831-WA0030.jpg]
[www.avicindia.com/wp-content/uploads/2022/02/IMG-20210831-WA0030-768x1024-400x300.jpg]
[www.avicindia.com/wp-content/uploads/2022/02/IMG-20210903-WA0052.jpg]
[www.avicindia.com/wp-content/uploads/2022/02/IMG-20210903-WA0052-1024x768-400x300.jpg]
[www.avicindia.com/wp-content/uploads/2022/02/IMG-20211129-WA0046.jpg]
[www.avicindia.com/wp-content/uploads/2022/02/IMG-20211129-WA0046-400x300.jpg]
[www.avicindia.com/wp-content/uploads/2022/02/IMG-20211129-WA0048.jpg]
[www.avicindia.com/wp-content/uploads/2022/02/IMG-20211129-WA0048-400x300.jpg]
[www.avicindia.com/wp-content/uploads/2022/02/IMG-20220211-WA0013.jpg]
[www.avicindia.com/wp-content/uploads/2022/02/IMG-20220211-WA0013-1024x576-400x300.jpg]
[www.avicindia.com/newsmedia/index.html]
[www.avicindia.com/wp-json/wp/v2/pages/214.json]
[www.avicindia.com/wp-json/oembed/1.0/embedc64b.json]
[www.avicindia.com/wp-json/oembed/1.0/embed03b9]
[www.avicindia.com/wp-content/uploads/2021/05/blog.jpg]
[www.avicindia.com/blog/index.html]
[www.avicindia.com/wp-content/themes/themify-ultra/themify/themify-builder/js/modules/parallax.min7e15.js]
[www.avicindia.com/wp-json/wp/v2/pages/18.json]
[www.avicindia.com/wp-json/oembed/1.0/embed53b4.json]
[www.avicindia.com/wp-json/oembed/1.0/embedc780]
[www.avicindia.com/contact/index.html]
[www.avicindia.com/wp-content/uploads/2021/05/0e1dd367d043d950775ce9a3ea72b860.jpg]
[themify.org/image3138.jpg]
[www.avicindia.com/wp-content/uploads/2021/05/bg4.jpg]
[www.avicindia.com/wp-content/uploads/themify-css/concate/2853873207/themify-concate-643123210.min.css]
[www.avicindia.com/index0e62.html]
[www.avicindia.com/wp-content/uploads/themify-css/concate/2853873207/themify-concate-1633147889.min.css]
[www.avicindia.com/index246f.html]
[www.avicindia.com/wp-content/uploads/2021/05/06b2f8d9f49210090726c4fd0f51c498-1.jpg]
[www.avicindia.com/wp-content/uploads/themify-css/concate/2853873207/themify-concate-2639008827.min.css]
[www.avicindia.com/index8cf7.html]
[www.avicindia.com/wp-content/uploads/2021/05/351d8433b1e2e34eec0ce327c4864ef0.jpg]
[www.avicindia.com/wp-content/uploads/2021/05/hh1.jpg]
[www.avicindia.com/wp-content/uploads/themify-css/concate/2853873207/themify-concate-3004022576.min.css]
[www.avicindia.com/index341b.html]
[www.avicindia.com/wp-content/uploads/themify-css/concate/2853873207/themify-concate-1388470429.min.css]
[www.avicindia.com/index0012.html]
[www.avicindia.com/wp-content/uploads/themify-css/concate/2853873207/themify-concate-3605418063.min.css]
[www.avicindia.com/indexba1b.html]
[www.avicindia.com/wp-json/wp/v2/posts/67.json]
[www.avicindia.com/wp-json/oembed/1.0/embed4dfb.json]
[www.avicindia.com/wp-json/oembed/1.0/embed87e8]
[www.avicindia.com/wp-content/uploads/2021/05/blog-1160x500.jpg]
[www.avicindia.com/sample-blog/index.html]
[www.avicindia.com/wp-json/wp/v2/users/1.json]
[www.avicindia.com/author/admin/feed/index.html]
[www.avicindia.com/author/admin/index.html]
[www.avicindia.com/wp-json/wp/v2/categories/7.json]
[www.avicindia.com/category/blog/feed/index.html]
[www.avicindia.com/category/blog/index.html]
[www.avicindia.com/wp-content/uploads/2021/05/d69383a900556e95783196718d793403-1.jpg]
[www.avicindia.com/wp-content/uploads/2021/05/contact1.jpg]
[www.avicindia.com/wp-content/uploads/themify-css/concate/2853873207/themify-concate-3502988377.min.css]
[www.avicindia.com/index0735.html]
[www.avicindia.com/wp-content/uploads/themify-css/concate/2853873207/themify-concate-2343176055.min.css]
[www.avicindia.com/index96f1.html]
[www.avicindia.com/wp-json/wp/v2/posts/1.json]
[www.avicindia.com/wp-json/oembed/1.0/embedb75b.json]
[www.avicindia.com/wp-json/oembed/1.0/embed01c2]
[www.avicindia.com/hello-world/index.html]
[www.avicindia.com/wp-content/uploads/themify-css/concate/2853873207/themify-concate-3723892712.min.css]
[www.avicindia.com/wp-json/wp/v2/categories/1.json]
[www.avicindia.com/category/uncategorized/index.html]
[sivaar.com/avicindia/wp-content/uploads/2021/05/footer.jpg]
[sivaar.com/avicindia/wp-content/uploads/2021/05/background-1.jpg]
[www.avicindia.com/indexcff1.html]
[www.avicindia.com/category/uncategorized/feed/index.html]
